<html>
<body>
<pre>
<h1>µVision Build Log</h1>
<h2>Tool Versions:</h2>
IDE-Version: µVision V5.39.0.0
Copyright (C) 2023 ARM Ltd and ARM Germany GmbH. All rights reserved.
License Information: bolbotina flavia, upt, LIC=----
 
Tool Versions:
Toolchain:       MDK-Lite  Version: 5.39.0.0
Toolchain Path:  C:\Keil_v5\ARM\ARMCLANG\Bin
C Compiler:      ArmClang.exe V6.21
Assembler:       Armasm.exe V6.21
Linker/Locator:  ArmLink.exe V6.21
Library Manager: ArmAr.exe V6.21
Hex Converter:   FromElf.exe V6.21
CPU DLL:         SARMCM3.DLL V5.39.0.0
Dialog DLL:      DCM.DLL V1.17.5.0
Target DLL:      STLink\ST-LINKIII-KEIL_SWO.dll V3.2.0.0
Dialog DLL:      TCM.DLL V1.56.4.0
 
<h2>Project:</h2>
C:\Flavia\Scoala\An3 Sem 2\SI\Proiect\Proiect-2\hangman.uvprojx
Project File Date:  05/15/2024

<h2>Output:</h2>
*** Using Compiler 'V6.21', folder: 'C:\Keil_v5\ARM\ARMCLANG\Bin'
Build target 'Target 1'
functions.c(5): warning: In file included from...
./function.h(57): warning: no newline at end of file [-Wnewline-eof]
   57 |         #endif
      |               ^
functions.c(44): warning: implicit conversion changes signedness: 'int' to 'unsigned char' [-Wsign-conversion]
   44 |         SPI1_write2(~0x7D); //afis 6 
      |         ~~~~~~~~~~~ ^~~~~
functions.c(59): warning: implicit conversion changes signedness: 'int' to 'uint32_t' (aka 'unsigned int') [-Wsign-conversion]
   59 |     GPIOA->MODER &= ~0x0000CC00;    /* clear pin mode */
      |                  ~~ ^~~~~~~~~~~
functions.c(65): warning: implicit conversion changes signedness: 'int' to 'uint32_t' (aka 'unsigned int') [-Wsign-conversion]
   65 |     GPIOA->MODER &= ~0x000C0000;    /* clear pin mode */
      |                  ~~ ^~~~~~~~~~~
functions.c(77): warning: implicit conversion changes signedness: 'int' to 'unsigned char' [-Wsign-conversion]
   77 |                                 SPI1_write2(~0x6D); //afis 5
      |                                 ~~~~~~~~~~~ ^~~~~
functions.c(82): warning: implicit conversion changes signedness: 'int' to 'unsigned char' [-Wsign-conversion]
   82 |                                 SPI1_write2(~0x66); //afis 4
      |                                 ~~~~~~~~~~~ ^~~~~
functions.c(87): warning: implicit conversion changes signedness: 'int' to 'unsigned char' [-Wsign-conversion]
   87 |                                 SPI1_write2(~0x4F); //afis 3
      |                                 ~~~~~~~~~~~ ^~~~~
functions.c(92): warning: implicit conversion changes signedness: 'int' to 'unsigned char' [-Wsign-conversion]
   92 |                                 SPI1_write2(~0x5B); //afis 2
      |                                 ~~~~~~~~~~~ ^~~~~
functions.c(97): warning: implicit conversion changes signedness: 'int' to 'unsigned char' [-Wsign-conversion]
   97 |                                 SPI1_write2(~0x06); //afis 1
      |                                 ~~~~~~~~~~~ ^~~~~
functions.c(102): warning: implicit conversion changes signedness: 'int' to 'unsigned char' [-Wsign-conversion]
  102 |                                 SPI1_write2(~0x3F); //afis 0
      |                                 ~~~~~~~~~~~ ^~~~~
functions.c(115): warning: implicit conversion changes signedness: 'int' to 'uint32_t' (aka 'unsigned int') [-Wsign-conversion]
  115 |     GPIOA->MODER &= ~0x0000CC00;    /* clear pin mode */
      |                  ~~ ^~~~~~~~~~~
functions.c(121): warning: implicit conversion changes signedness: 'int' to 'uint32_t' (aka 'unsigned int') [-Wsign-conversion]
  121 |     GPIOA->MODER &= ~0x03000000;    /* clear pin mode */
      |                  ~~ ^~~~~~~~~~~
functions.c(164): warning: implicit conversion loses integer precision: 'int' to 'char' [-Wimplicit-int-conversion]
  164 |     LCD_nibble_write(command << 4, 0);      /* then lower nibble */
      |     ~~~~~~~~~~~~~~~~ ~~~~~~~~^~~~
functions.c(176): warning: implicit conversion loses integer precision: 'int' to 'char' [-Wimplicit-int-conversion]
  176 |     LCD_nibble_write(data << 4, RS);        /* then lower nibble */
      |     ~~~~~~~~~~~~~~~~ ~~~~~^~~~
functions.c(199): warning: unused parameter 'index1' [-Wunused-parameter]
  199 | char* alege_cuvant_aleatoriu(char **cuvinte,int *index1) {
      |                                                  ^
functions.c(207): warning: invalid UTF-8 in comment [-Winvalid-utf8]
  207 |         char *cuvant = alege_cuvant_aleatoriu(cuvinte,0);  // Alege un cuv<E2>nt aleatoriu
      |                                                                           ^
functions.c(208): warning: implicit conversion changes signedness: 'unsigned int' to 'int' [-Wsign-conversion]
  208 |     int lungime = strlen(cuvant);
      |         ~~~~~~~   ^~~~~~~~~~~~~~
functions.c(210): warning: invalid UTF-8 in comment [-Winvalid-utf8]
  210 |     // Afi?eaza liniu?ele corespunzatoare lungimii cuv<E2>ntului
      |                                                       ^
functions.c(205): warning: unused parameter 'litere' [-Wunused-parameter]
  205 | char* init_hangman(char **cuvinte,Litera *litere){
      |                                           ^
functions.c(5): warning: In file included from...
./function.h(15): warning: padding struct 'Litera' with 3 bytes to align 'contor' [-Wpadded]
   15 |                 int contor;
      |                     ^
functions.c(224): warning: implicit conversion changes signedness: 'int' to 'uint32_t' (aka 'unsigned int') [-Wsign-conversion]
  224 |     GPIOA->MODER &= ~0x0000CC00;    /* clear pin mode */
      |                  ~~ ^~~~~~~~~~~
functions.c(230): warning: implicit conversion changes signedness: 'int' to 'uint32_t' (aka 'unsigned int') [-Wsign-conversion]
  230 |     GPIOA->MODER &= ~0x00000300;    /* clear pin mode */
      |                  ~~ ^~~~~~~~~~~
functions.c(276): warning: a function declaration without a prototype is deprecated in all versions of C [-Wstrict-prototypes]
  276 | void init_switch() {
      |                 ^
      |                  void
functions.c(285): warning: a function declaration without a prototype is deprecated in all versions of C [-Wstrict-prototypes]
  285 | uint8_t read_switch() {
      |                    ^
      |                     void
functions.c(309): warning: implicit conversion changes signedness: 'unsigned int' to 'int' [-Wsign-conversion]
  309 |          int lungime = strlen(word);
      |              ~~~~~~~   ^~~~~~~~~~~~
functions.c(312): warning: invalid UTF-8 in comment [-Winvalid-utf8]
  312 |     // Afi?eaza liniutele corespunzatoare lungimii cuv<E2>ntului
      |                                                       ^
functions.c(325): warning: implicit conversion changes signedness: 'unsigned int' to 'int' [-Wsign-conversion]
  325 |         int lungime = strlen(word);
      |             ~~~~~~~   ^~~~~~~~~~~~
functions.c(409): warning: no newline at end of file [-Wnewline-eof]
  409 | //}
      |    ^
functions.c(340): warning: mixing declarations and code is incompatible with standards before C99 [-Wdeclaration-after-statement]
  340 |         int ok;
      |             ^
functions.c(340): warning: variable 'ok' set but not used [-Wunused-but-set-variable]
functions.c(202): warning: unsafe buffer access [-Wunsafe-buffer-usage]
  202 |     return cuvinte[index];
      |            ^~~~~~~
functions.c(213): warning: unsafe buffer access [-Wunsafe-buffer-usage]
  213 |                                 LCD_data(cuvant[i]);
      |                                          ^~~~~~
functions.c(249): warning: unsafe buffer access [-Wunsafe-buffer-usage]
  249 |         litere[i].litera= litera;
      |         ^~~~~~
functions.c(250): warning: unsafe buffer access [-Wunsafe-buffer-usage]
  250 |                     litere[i].contor=0;
      |                     ^~~~~~
functions.c(260): warning: unsafe buffer access [-Wunsafe-buffer-usage]
  260 |                 if(cur_word[i]==x){
      |                    ^~~~~~~~
functions.c(296): warning: unsafe buffer access [-Wunsafe-buffer-usage]
  296 |                         if(litere[i].litera==x)
      |                            ^~~~~~
functions.c(297): warning: unsafe buffer access [-Wunsafe-buffer-usage]
  297 |                                 return litere[i].contor;
      |                                        ^~~~~~
functions.c(303): warning: unsafe buffer access [-Wunsafe-buffer-usage]
  303 |                         if(litere[i].litera==x)
      |                            ^~~~~~
functions.c(304): warning: unsafe buffer access [-Wunsafe-buffer-usage]
  304 |                                 litere[i].contor=1;
      |                                 ^~~~~~
functions.c(315): warning: unsafe buffer access [-Wunsafe-buffer-usage]
  315 |       if(return_contor(word[i],litere)!=0)
      |                        ^~~~
functions.c(316): warning: unsafe buffer access [-Wunsafe-buffer-usage]
  316 |                                  LCD_data(word[i]);
      |                                           ^~~~
functions.c(329): warning: unsafe buffer access [-Wunsafe-buffer-usage]
  329 |       if(return_contor(word[i],litere)!=0)
      |                        ^~~~
functions.c(354): warning: unsafe buffer access [-Wunsafe-buffer-usage]
  354 |                 LCD_data(litere[i].litera);
      |                          ^~~~~~
functions.c(370): warning: unsafe buffer access [-Wunsafe-buffer-usage]
  370 |                                                 if(find_letter(litere[i].litera,cuvant,litere)){
      |                                                                ^~~~~~
functions.c(391): warning: unsafe buffer access [-Wunsafe-buffer-usage]
  391 |                                                 LCD_data(litere[i].litera);
      |                                                          ^~~~~~
functions.c(404): warning: unsafe buffer access [-Wunsafe-buffer-usage]
  404 |                                                 LCD_data(litere[i].litera);
      |                                                          ^~~~~~
46 warnings generated.
compiling functions.c...
linking...
Program Size: Code=2902 RO-data=550 RW-data=40 ZI-data=2088  
".\Objects\hangman.axf" - 0 Error(s), 46 Warning(s).

<h2>Software Packages used:</h2>

Package Vendor: ARM
                https://www.keil.com/pack/ARM.CMSIS.6.0.0.pack
                ARM::CMSIS@6.0.0
                CMSIS (Common Microcontroller Software Interface Standard)
   * Component: CORE Version: 6.0.0

Package Vendor: Keil
                https://www.keil.com/pack/Keil.STM32F4xx_DFP.2.17.1.pack
                Keil::STM32F4xx_DFP@2.17.1
                STMicroelectronics STM32F4 Series Device Support, Drivers and Examples
   * Component: Startup Version: 2.6.3

<h2>Collection of Component include folders:</h2>
  ./RTE/_Target_1
  C:/Users/flavia/AppData/Local/Arm/Packs/ARM/CMSIS/6.0.0/CMSIS/Core/Include
  C:/Users/flavia/AppData/Local/Arm/Packs/Keil/STM32F4xx_DFP/2.17.1/Drivers/CMSIS/Device/ST/STM32F4xx/Include

<h2>Collection of Component Files used:</h2>

   * Component: ARM::CMSIS:CORE@6.0.0

   * Component: Keil::Device:Startup@2.6.3
      Source file:   MDK/Device/Source/ARM/STM32F446xx_OPT.s
      Source file:   MDK/Device/Source/ARM/STM32F4xx_OTP.s
      Include file:  Drivers/CMSIS/Device/ST/STM32F4xx/Include/stm32f4xx.h
      Source file:   Drivers/CMSIS/Device/ST/STM32F4xx/Source/Templates/arm/startup_stm32f446xx.s
      Source file:   Drivers/CMSIS/Device/ST/STM32F4xx/Source/Templates/system_stm32f4xx.c
Build Time Elapsed:  00:00:02
</pre>
</body>
</html>
