<html>
<body>
<pre>
<h1>µVision Build Log</h1>
<h2>Tool Versions:</h2>
IDE-Version: µVision V5.39.0.0
Copyright (C) 2023 ARM Ltd and ARM Germany GmbH. All rights reserved.
License Information: bolbotina flavia, upt, LIC=----
 
Tool Versions:
Toolchain:       MDK-Lite  Version: 5.39.0.0
Toolchain Path:  C:\Keil_v5\ARM\ARMCLANG\Bin
C Compiler:      ArmClang.exe V6.21
Assembler:       Armasm.exe V6.21
Linker/Locator:  ArmLink.exe V6.21
Library Manager: ArmAr.exe V6.21
Hex Converter:   FromElf.exe V6.21
CPU DLL:         SARMCM3.DLL V5.39.0.0
Dialog DLL:      DCM.DLL V1.17.5.0
Target DLL:      STLink\ST-LINKIII-KEIL_SWO.dll V3.2.0.0
Dialog DLL:      TCM.DLL V1.56.4.0
 
<h2>Project:</h2>
C:\Flavia\Scoala\An3 Sem 2\SI\Proiect\Proiect-2\hangman.uvprojx
Project File Date:  04/26/2024

<h2>Output:</h2>
*** Using Compiler 'V6.21', folder: 'C:\Keil_v5\ARM\ARMCLANG\Bin'
Build target 'Target 1'
functions.c(4): warning: In file included from...
./function.h(33): warning: no newline at end of file [-Wnewline-eof]
   33 | #endif
      |       ^
functions.c(28): warning: implicit conversion changes signedness: 'int' to 'uint32_t' (aka 'unsigned int') [-Wsign-conversion]
   28 |     GPIOA->MODER &= ~0x0000CC00;    /* clear pin mode */
      |                  ~~ ^~~~~~~~~~~
functions.c(34): warning: implicit conversion changes signedness: 'int' to 'uint32_t' (aka 'unsigned int') [-Wsign-conversion]
   34 |     GPIOA->MODER &= ~0x03000000;    /* clear pin mode */
      |                  ~~ ^~~~~~~~~~~
functions.c(69): warning: implicit conversion loses integer precision: 'int' to 'char' [-Wimplicit-int-conversion]
   69 |     LCD_nibble_write(command << 4, 0);      /* then lower nibble */
      |     ~~~~~~~~~~~~~~~~ ~~~~~~~~^~~~
functions.c(79): warning: implicit conversion loses integer precision: 'int' to 'char' [-Wimplicit-int-conversion]
   79 |     LCD_nibble_write(data << 4, RS);        /* then lower nibble */
      |     ~~~~~~~~~~~~~~~~ ~~~~~^~~~
functions.c(101): warning: implicit conversion changes signedness: 'int' to 'uint32_t' (aka 'unsigned int') [-Wsign-conversion]
  101 | GPIOA->MODER &= ~0x00000C00; /* clear pin mode */ GPIOA->MODER |=
      |              ~~ ^~~~~~~~~~~
functions.c(103): warning: implicit conversion changes signedness: 'int' to 'uint32_t' (aka 'unsigned int') [-Wsign-conversion]
  103 | GPIOC->MODER &= ~0x0C000000; /* clear pin mode to input mode */
      |              ~~ ^~~~~~~~~~~
7 warnings generated.
compiling functions.c...
linking...
Program Size: Code=532 RO-data=468 RW-data=0 ZI-data=1632  
".\Objects\hangman.axf" - 0 Error(s), 7 Warning(s).

<h2>Software Packages used:</h2>

Package Vendor: ARM
                https://www.keil.com/pack/ARM.CMSIS.6.0.0.pack
                ARM::CMSIS@6.0.0
                CMSIS (Common Microcontroller Software Interface Standard)
   * Component: CORE Version: 6.0.0

Package Vendor: Keil
                https://www.keil.com/pack/Keil.STM32F4xx_DFP.2.17.1.pack
                Keil::STM32F4xx_DFP@2.17.1
                STMicroelectronics STM32F4 Series Device Support, Drivers and Examples
   * Component: Startup Version: 2.6.3

<h2>Collection of Component include folders:</h2>
  ./RTE/_Target_1
  C:/Users/flavia/AppData/Local/Arm/Packs/ARM/CMSIS/6.0.0/CMSIS/Core/Include
  C:/Users/flavia/AppData/Local/Arm/Packs/Keil/STM32F4xx_DFP/2.17.1/Drivers/CMSIS/Device/ST/STM32F4xx/Include

<h2>Collection of Component Files used:</h2>

   * Component: ARM::CMSIS:CORE@6.0.0

   * Component: Keil::Device:Startup@2.6.3
      Source file:   MDK/Device/Source/ARM/STM32F446xx_OPT.s
      Source file:   MDK/Device/Source/ARM/STM32F4xx_OTP.s
      Include file:  Drivers/CMSIS/Device/ST/STM32F4xx/Include/stm32f4xx.h
      Source file:   Drivers/CMSIS/Device/ST/STM32F4xx/Source/Templates/arm/startup_stm32f446xx.s
      Source file:   Drivers/CMSIS/Device/ST/STM32F4xx/Source/Templates/system_stm32f4xx.c
Build Time Elapsed:  00:00:00
</pre>
</body>
</html>
